// Bun Snapshot v1, https://goo.gl/fbAQLP

exports[`checklists 1`] = `
{
  "data": {
    "__typename": "Query",
    "checklists": {
      "__typename": "ChecklistConnection",
      "edges": [
        {
          "__typename": "ChecklistEdge",
          "node": {
            "__typename": "Checklist",
            "assignees": {
              "__typename": "AssigneeConnection",
              "edges": [
                {
                  "__typename": "AssigneeEdge",
                  "node": {
                    "__typename": "Assignee",
                    "assignedAt": {
                      "__typename": "Instant",
                      "epochMilliseconds": "1722928536060",
                      "toZonedDateTime": {
                        "__typename": "ZonedDateTime",
                        "toString": "2024-08-06T01:15:36.06-06:00[America/Denver]",
                      },
                    },
                    "assignedTo": {
                      "__typename": "DisplayName",
                      "displayName": {
                        "__typename": "DynamicString",
                        "locale": "en",
                        "value": "Jerry Garcia",
                      },
                      "id": "eyJ0eXBlIjoid29ya2VyaW5zdGFuY2UiLCJpZCI6ImI5ZmFjZWY0LWI3MTYtNDVmZC1hZjNjLTQ3ODE5NGQ5NDNlMiJ9",
                    },
                    "id": "eyJ0eXBlIjoid29ya3Jlc3VsdGluc3RhbmNlIiwiaWQiOiIwMmE0YjgyYi00NjA1LTQzZmMtYWYyZC1mMzc3YzRkYTYzY2MifQ==",
                  },
                },
              ],
              "pageInfo": {
                "__typename": "PageInfo",
                "hasNextPage": false,
                "hasPreviousPage": false,
              },
              "totalCount": 1,
            },
            "attachments": {
              "__typename": "AttachmentConnection",
              "edges": [],
              "pageInfo": {
                "__typename": "PageInfo",
                "hasNextPage": false,
                "hasPreviousPage": false,
              },
              "totalCount": 0,
            },
            "auditable": {
              "__typename": "Auditable",
              "enabled": false,
            },
            "description": {
              "__typename": "Description",
              "value": {
                "__typename": "DynamicString",
                "value": "It's a really cool test Checklist!",
              },
            },
            "id": "eyJ0eXBlIjoid29ya2luc3RhbmNlIiwiaWQiOiJhMjVjZWRkYi1iMTIyLTQ4MjUtYjkwNy1lMDg0YzI5NWMwOTYifQ==",
            "items": {
              "__typename": "ChecklistConnection",
              "edges": [],
              "pageInfo": {
                "__typename": "PageInfo",
                "hasNextPage": false,
                "hasPreviousPage": false,
              },
              "totalCount": 0,
            },
            "name": {
              "__typename": "DisplayName",
              "value": {
                "__typename": "DynamicString",
                "value": "Test Checklist",
              },
            },
            "required": true,
            "schedule": {
              "__typename": "CronSchedule",
            },
            "sop": {
              "__typename": "Sop",
              "id": "eyJ0eXBlIjoid29ya3RlbXBsYXRlIiwiaWQiOiJlODI0MTUzNC1mMzkyLTQ2ZjAtYmQyMC05MTFjMzRlMTM1NzIifQ==",
            },
            "status": {
              "__typename": "ChecklistOpen",
              "openedAt": {
                "__typename": "Instant",
                "epochMilliseconds": "1722928536060",
                "toZonedDateTime": {
                  "__typename": "ZonedDateTime",
                  "toString": "2024-08-06T01:15:36.06-06:00[America/Denver]",
                },
              },
            },
          },
        },
      ],
      "pageInfo": {
        "__typename": "PageInfo",
        "hasNextPage": false,
        "hasPreviousPage": false,
      },
      "totalCount": 1,
    },
  },
}
`;
