// Bun Snapshot v1, https://goo.gl/fbAQLP

exports[`updateWorker updates worker without conflict 1`] = `
{
  "__typename": "Worker",
  "active": {
    "__typename": "ActivationStatus",
    "active": true,
  },
  "language": {
    "__typename": "Language",
    "code": "es",
  },
  "role": {
    "__typename": "Tag",
    "name": {
      "__typename": "Name",
      "value": "Supervisor",
    },
  },
  "scanCode": null,
  "user": {
    "__typename": "User",
    "displayName": "1337 User",
    "firstName": "1337",
    "lastName": "User",
  },
}
`;
