// Bun Snapshot v1, https://goo.gl/fbAQLP

exports[`discardChecklist discards in progress checklist 1`] = `
{
  "__typename": "ChecklistEdge",
  "node": {
    "__typename": "Checklist",
    "status": {
      "__typename": "ChecklistOpen",
    },
  },
}
`;
