// Bun Snapshot v1, https://goo.gl/fbAQLP

exports[`setStatus set open 1`] = `
{
  "data": {
    "setStatus": {
      "__typename": "SetChecklistStatusPayload",
      "delta": 1,
      "edge": {
        "__typename": "ChecklistEdge",
        "node": {
          "__typename": "Checklist",
          "status": {
            "__typename": "ChecklistOpen",
            "openedAt": {
              "__typename": "ZonedDateTime",
              "epochMilliseconds": "1726886602008.000000",
            },
          },
        },
      },
    },
  },
}
`;

exports[`setStatus invalid state change 1`] = `
{
  "data": null,
  "errors": [
    [GraphQLError: Cannot lazily evaluate AST node without ECS reference],
  ],
}
`;
