// Bun Snapshot v1, https://goo.gl/fbAQLP

exports[`languages works 1`] = `
[
  {
    "__typename": "Language",
    "code": "af",
  },
  {
    "__typename": "Language",
    "code": "am",
  },
  {
    "__typename": "Language",
    "code": "ar",
  },
  {
    "__typename": "Language",
    "code": "az",
  },
  {
    "__typename": "Language",
    "code": "bg",
  },
  {
    "__typename": "Language",
    "code": "bn",
  },
  {
    "__typename": "Language",
    "code": "bs",
  },
  {
    "__typename": "Language",
    "code": "ca",
  },
  {
    "__typename": "Language",
    "code": "cs",
  },
  {
    "__typename": "Language",
    "code": "cy",
  },
]
`;
