// Bun Snapshot v1, https://goo.gl/fbAQLP

exports[`engine0 build + check 1`] = `
[
  {
    "result": true,
    "system": "engine0.eval_state_condition",
  },
  {
    "result": true,
    "system": "engine0.eval_state_condition",
  },
]
`;
